// Jest Snapshot v1, https://goo.gl/fbAQLP

exports[`LoginFormComponent Snapshot 1`] = `[Function]`;
