// Jest Snapshot v1, https://goo.gl/fbAQLP

exports[`LoginScreenComponent Snapshot 1`] = `[Function]`;
